{
	"name": "Snapchat hack",
	"desc_long": "ðŸš¨FeaturesðŸš¨ <br> -No jailbreak detection <br> -No Screenshots Detection <br> -No Screen Record Detection <br> -No Adverts Story Ads,Lenses Ads,Â Discover Ads,Â User Stories Ads <br> -Snapchat Insights <br>-Prevent Ban / No Force Logout <p><p><p>",
	"compatitle": "iOS 11 12 13 14 15",
	"version_web": "1.5",
	"date_web": "02/18/2021",
	"developer_name_web": "roarijo89",
	"changelog": "<strong>1.0</strong><br>added no jailbreak detection<br>added no screenshots notifications<br>added prevent ban / no force logout<br> <strong>1.2</strong><br>fixed the bug that when ur signed in to the cocotweaks login popup the whole app stops working<br> <strong>1.3</strong><br>fixed some bugs<br> <strong>1.4</strong><br>added bypass by kimmo fixed some bugs<br> <strong>1.5</strong><br>Added No Screen Record Detection<br>Added Snapchat Insights<br>Added No Adverts Story Ads,Lenses Ads,Â Discover Ads,Â User Stories Ads",
	"screenshot": null,
	"open": true,

"warning": "Updated ðŸŽ‰",

}